// Vitest Snapshot v1, https://vitest.dev/guide/snapshot.html

exports[`トレーニング「目標地点への移動」 > 同じ遺伝子・同じシードなら結果が完全に一致する 1`] = `
{
  "fitness": 0.6395769003182133,
  "flags": {
    "crossed": false,
    "reached": false,
    "stood": true,
    "survived60": false,
    "won": false,
  },
  "metricMean": 0,
  "successCount": 0,
}
`;
