// Vitest Snapshot v1, https://vitest.dev/guide/snapshot.html

exports[`トレーニング「目標地点への移動」 > 同じ遺伝子・同じシードなら結果が完全に一致する 1`] = `
{
  "episodeFlags": [
    {
      "crossed": false,
      "jumped": false,
      "reached": false,
      "stood": true,
      "survived60": false,
      "won": false,
    },
    {
      "crossed": false,
      "jumped": false,
      "reached": false,
      "stood": true,
      "survived60": false,
      "won": false,
    },
    {
      "crossed": false,
      "jumped": false,
      "reached": false,
      "stood": true,
      "survived60": false,
      "won": false,
    },
  ],
  "fitness": -3.409832815942409,
  "flags": {
    "crossed": false,
    "jumped": false,
    "reached": false,
    "stood": true,
    "survived60": false,
    "won": false,
  },
  "metricMean": 0,
  "successCount": 0,
}
`;
